// Jest Snapshot v1, https://goo.gl/fbAQLP

exports[`Should render Login page 1`] = `
<div
  className="box-layout"
>
  <div
    className="box-layout__box"
  >
    <h1
      className="box-layout__title"
    >
      Expense Sheet
    </h1>
    <p>
      Keep track of your expenses and never run out of budget
    </p>
    <button
      className="button"
    >
      Login with Google
    </button>
  </div>
</div>
`;
